
> web@0.0.0 build
> next build

  Ôû▓ Next.js 14.2.35
  - Environments: .env.local, .env

   Creating an optimized production build ...
node.exe : Failed to compile.
Au caractère Ligne:1 : 1
+ & "C:\Program Files\nodejs/node.exe" 
"C:\Program Files\nodejs/node_mo ...
+ ~~~~~~~~~~~~~~~~~~~~~~~~~~~~~~~~~~~~~~~
~~~~~~~~~~~~~~~~~~~~~~~~~~~~~~
    + CategoryInfo          : NotSpecifi 
   ed: (Failed to compile.:String) [],   
  RemoteException
    + FullyQualifiedErrorId : NativeComm 
   andError
 

./components/dashboard/ai-assistant-widge
t.tsx
Module not found: Can't resolve 
'@/components/ui/dialog'

https://nextjs.org/docs/messages/module-n
ot-found


> Build failed because of webpack errors
npm error Lifecycle script `build` 
failed with error:
npm error code 1
npm error path C:\Users\samue\OneDrive\De
sktop\Antigravity - Folder\apps\web
npm error workspace web@0.0.0
npm error location C:\Users\samue\OneDriv
e\Desktop\Antigravity - Folder\apps\web
npm error command failed
npm error command 
C:\WINDOWS\system32\cmd.exe /d /s /c 
next build
